[34mProcessing file: "test/suites/Localizable_number_of_variables_mismatch.in"[0m
test/suites/Localizable_number_of_variables_mismatch.in:1: error: variables mismatch: "Original string with one variable %@" = "Tranlation without variables";
[31m[1m
Result: âœ˜ Some errors detected[0m[0m
