[34mProcessing file: "test/suites/Localizable_with_invalid_format_and_more_errors.in"[0m
test/suites/Localizable_with_invalid_format_and_more_errors.in:2: error: invalid format: "Invalid Format" = "Missing semicolon"
[31m[1m
Result: âœ˜ Some errors detected[0m[0m
